go: downloading go1.25.1 (windows/amd64)
go: downloading github.com/swaggo/swag v1.16.6
go: downloading github.com/gin-gonic/gin v1.10.1
go: downloading github.com/spf13/viper v1.20.1
go: downloading gorm.io/driver/postgres v1.6.0
go: downloading gorm.io/gorm v1.30.3
go: downloading github.com/aceberg/gorm-sqlite v1.6.0
go: downloading github.com/prometheus/client_golang v1.23.1
go: downloading github.com/influxdata/influxdb-client-go/v2 v2.14.0
go: downloading github.com/nicholas-fedor/shoutrrr v0.8.18
go: downloading github.com/linde12/gowol v0.0.0-20180926075039-797e4d01634c
go: downloading github.com/swaggo/files v1.0.1
go: downloading github.com/swaggo/gin-swagger v1.6.1
go: downloading github.com/jackc/pgx/v5 v5.6.0
go: downloading github.com/fsnotify/fsnotify v1.9.0
go: downloading github.com/go-viper/mapstructure/v2 v2.4.0
go: downloading github.com/sagikazarmark/locafero v0.10.0
go: downloading github.com/spf13/afero v1.14.0
go: downloading github.com/spf13/cast v1.9.2
go: downloading github.com/spf13/pflag v1.0.9
go: downloading modernc.org/sqlite v1.38.0
go: downloading golang.org/x/net v0.43.0
go: downloading github.com/gin-contrib/sse v0.1.0
go: downloading github.com/mattn/go-isatty v0.0.20
go: downloading github.com/jinzhu/now v1.1.5
go: downloading github.com/jinzhu/inflection v1.0.0
go: downloading golang.org/x/text v0.28.0
go: downloading github.com/subosito/gotenv v1.6.0
go: downloading github.com/pelletier/go-toml/v2 v2.2.4
go: downloading gopkg.in/yaml.v3 v3.0.1
go: downloading github.com/influxdata/line-protocol v0.0.0-20200327222509-2487e7298839
go: downloading github.com/oapi-codegen/runtime v1.0.0
go: downloading github.com/go-playground/validator/v10 v10.20.0
go: downloading github.com/ugorji/go/codec v1.2.12
go: downloading google.golang.org/protobuf v1.36.8
go: downloading github.com/sourcegraph/conc v0.3.1-0.20240121214520-5f936abd7ae8
go: downloading github.com/KyleBanks/depth v1.2.1
go: downloading github.com/go-openapi/spec v0.20.4
go: downloading golang.org/x/tools v0.36.0
go: downloading golang.org/x/sys v0.35.0
go: downloading github.com/prometheus/client_model v0.6.2
go: downloading github.com/prometheus/common v0.66.0
go: downloading github.com/beorn7/perks v1.0.1
go: downloading github.com/cespare/xxhash/v2 v2.3.0
go: downloading github.com/jackc/pgpassfile v1.0.0
go: downloading github.com/jackc/pgservicefile v0.0.0-20240606120523-5a60cdf6a761
go: downloading golang.org/x/crypto v0.41.0
go: downloading github.com/apapsch/go-jsonmerge/v2 v2.0.0
go: downloading github.com/google/uuid v1.6.0
go: downloading github.com/gabriel-vasile/mimetype v1.4.3
go: downloading github.com/go-playground/universal-translator v0.18.1
go: downloading github.com/leodido/go-urn v1.4.0
go: downloading github.com/go-openapi/jsonpointer v0.19.5
go: downloading github.com/go-openapi/jsonreference v0.19.6
go: downloading github.com/go-openapi/swag v0.19.15
go: downloading github.com/jackc/puddle/v2 v2.2.2
go: downloading github.com/PuerkitoBio/purell v1.1.1
go: downloading github.com/munnerz/goautoneg v0.0.0-20191010083416-a7dc8b61c822
go: downloading github.com/grafana/regexp v0.0.0-20240518133315-a468a5bfb3bc
go: downloading gopkg.in/yaml.v2 v2.4.0
go: downloading github.com/fatih/color v1.18.0
go: downloading github.com/PuerkitoBio/urlesc v0.0.0-20170810143723-de5bf2ad4578
go: downloading golang.org/x/sync v0.16.0
go: downloading github.com/mailru/easyjson v0.7.7
go: downloading github.com/go-playground/locales v0.14.1
go: downloading github.com/mattn/go-colorable v0.1.14
go: downloading github.com/josharian/intern v1.0.0
go: downloading modernc.org/libc v1.65.10
go: downloading golang.org/x/mod v0.27.0
go: downloading modernc.org/memory v1.11.0
go: downloading golang.org/x/exp v0.0.0-20250408133849-7e4ce0ab07d0
go: downloading github.com/dustin/go-humanize v1.0.1
go: downloading modernc.org/mathutil v1.7.1
go: downloading github.com/ncruces/go-strftime v0.1.9
go: downloading github.com/remyoudompheng/bigfft v0.0.0-20230129092748-24d4a6f8daec
2026/08/07 14:36:50 INFO Connected to DB: SQLite
2026/08/07 14:36:50 INFO Restarting scan routine
2026/08/07 14:36:50 INFO Log level: info
2026/08/07 14:36:50 INFO [36m
=================================== 
  WatchYourLAN Version: 2.1.4
  Config dir: D:\RD\WatchYourLAN-MobileUI\backend\data
  Default DB: sqlite
  Log level: info
  Web GUI: http://0.0.0.0:8840
=================================== [0m
